// Jest Snapshot v1, https://goo.gl/fbAQLP

exports[`Spinner component matches snapshot 1`] = `
<DocumentFragment>
  <span
    class="animate-spin rounded-full h-8 w-8 border-4 border-gray-200 border-t-blue-500 snapshot-class"
  />
</DocumentFragment>
`;
